c:\users\chonky\desktop\cse 331 bro helfrich\goup project\skeet\x64\debug\vc143.pdb
c:\users\chonky\desktop\cse 331 bro helfrich\goup project\skeet\x64\debug\vc143.idb
c:\users\chonky\desktop\cse 331 bro helfrich\goup project\skeet\x64\debug\uiinteract.obj
c:\users\chonky\desktop\cse 331 bro helfrich\goup project\skeet\x64\debug\time.obj
c:\users\chonky\desktop\cse 331 bro helfrich\goup project\skeet\x64\debug\skeet.obj
c:\users\chonky\desktop\cse 331 bro helfrich\goup project\skeet\x64\debug\score.obj
c:\users\chonky\desktop\cse 331 bro helfrich\goup project\skeet\x64\debug\projectilehandler.obj
c:\users\chonky\desktop\cse 331 bro helfrich\goup project\skeet\x64\debug\position.obj
c:\users\chonky\desktop\cse 331 bro helfrich\goup project\skeet\x64\debug\points.obj
c:\users\chonky\desktop\cse 331 bro helfrich\goup project\skeet\x64\debug\gun.obj
c:\users\chonky\desktop\cse 331 bro helfrich\goup project\skeet\x64\debug\game.obj
c:\users\chonky\desktop\cse 331 bro helfrich\goup project\skeet\x64\debug\effect.obj
c:\users\chonky\desktop\cse 331 bro helfrich\goup project\skeet\x64\debug\bullet.obj
c:\users\chonky\desktop\cse 331 bro helfrich\goup project\skeet\x64\debug\bird.obj
c:\users\chonky\desktop\cse 331 bro helfrich\goup project\x64\debug\skeet.exe
c:\users\chonky\desktop\cse 331 bro helfrich\goup project\x64\debug\skeet.pdb
c:\users\chonky\desktop\cse 331 bro helfrich\goup project\skeet\x64\debug\skeet.ilk
c:\users\chonky\desktop\cse 331 bro helfrich\goup project\skeet\x64\debug\skeet.tlog\cl.command.1.tlog
c:\users\chonky\desktop\cse 331 bro helfrich\goup project\skeet\x64\debug\skeet.tlog\cl.items.tlog
c:\users\chonky\desktop\cse 331 bro helfrich\goup project\skeet\x64\debug\skeet.tlog\cl.read.1.tlog
c:\users\chonky\desktop\cse 331 bro helfrich\goup project\skeet\x64\debug\skeet.tlog\cl.write.1.tlog
c:\users\chonky\desktop\cse 331 bro helfrich\goup project\skeet\x64\debug\skeet.tlog\link.command.1.tlog
c:\users\chonky\desktop\cse 331 bro helfrich\goup project\skeet\x64\debug\skeet.tlog\link.read.1.tlog
c:\users\chonky\desktop\cse 331 bro helfrich\goup project\skeet\x64\debug\skeet.tlog\link.secondary.1.tlog
c:\users\chonky\desktop\cse 331 bro helfrich\goup project\skeet\x64\debug\skeet.tlog\link.write.1.tlog
