  bird.cpp
  bullet.cpp
  effect.cpp
  game.cpp
  gun.cpp
  points.cpp
C:\Users\ssamm\OneDrive\Documents\BYUI\sem 10 Spring 2026\cse 331\Skeet-week-6\points.cpp(83,18): warning C4244: 'initializing': conversion from 'double' to 'GLfloat', possible loss of data
C:\Users\ssamm\OneDrive\Documents\BYUI\sem 10 Spring 2026\cse 331\Skeet-week-6\points.cpp(84,18): warning C4244: 'initializing': conversion from 'double' to 'GLfloat', possible loss of data
C:\Users\ssamm\OneDrive\Documents\BYUI\sem 10 Spring 2026\cse 331\Skeet-week-6\points.cpp(107,11): warning C4305: '-=': truncation from 'double' to 'float'
  position.cpp
  score.cpp
  skeet.cpp
C:\Users\ssamm\OneDrive\Documents\BYUI\sem 10 Spring 2026\cse 331\Skeet-week-6\skeet.cpp(267,14): warning C4244: 'initializing': conversion from 'double' to 'GLfloat', possible loss of data
C:\Users\ssamm\OneDrive\Documents\BYUI\sem 10 Spring 2026\cse 331\Skeet-week-6\skeet.cpp(268,14): warning C4244: 'initializing': conversion from 'double' to 'GLfloat', possible loss of data
C:\Users\ssamm\OneDrive\Documents\BYUI\sem 10 Spring 2026\cse 331\Skeet-week-6\skeet.cpp(275,17): warning C4244: 'argument': conversion from 'double' to 'GLfloat', possible loss of data
C:\Users\ssamm\OneDrive\Documents\BYUI\sem 10 Spring 2026\cse 331\Skeet-week-6\skeet.cpp(276,17): warning C4244: 'argument': conversion from 'double' to 'GLfloat', possible loss of data
C:\Users\ssamm\OneDrive\Documents\BYUI\sem 10 Spring 2026\cse 331\Skeet-week-6\skeet.cpp(278,20): warning C4244: 'argument': conversion from 'double' to 'GLfloat', possible loss of data
C:\Users\ssamm\OneDrive\Documents\BYUI\sem 10 Spring 2026\cse 331\Skeet-week-6\skeet.cpp(279,20): warning C4244: 'argument': conversion from 'double' to 'GLfloat', possible loss of data
C:\Users\ssamm\OneDrive\Documents\BYUI\sem 10 Spring 2026\cse 331\Skeet-week-6\skeet.cpp(282,30): warning C4244: 'argument': conversion from 'double' to 'GLfloat', possible loss of data
  time.cpp
  uiInteract.cpp
  Generating Code...
  Skeet.vcxproj -> C:\Users\ssamm\OneDrive\Documents\BYUI\sem 10 Spring 2026\cse 331\Skeet-week-6\x64\Debug\Skeet.exe
